---
source: src/main.rs
expression: cloned
---
- type: CsiDispatch
  params:
    - - 1
  intermediates: []
  ignore: false
  c: m
  raw_bytes:
    - 27
    - 91
    - 49
    - 109

