---
source: src/main.rs
expression: events
---
- CsiDispatch:
    params:
      - - 1
      - - 36
    intermediates: []
    ignore: false
    c: m
    raw_bytes:
      - 27
      - 91
      - 49
      - 59
      - 51
      - 54
      - 109
- Print: e
- Print: s
- Print: c
- Print: a
- Print: p
- Print: e
- Print: "-"
- Print: a
- Print: r
- Print: t
- Print: i
- Print: s
- Print: t
- CsiDispatch:
    params:
      - - 0
    intermediates: []
    ignore: false
    c: m
    raw_bytes:
      - 27
      - 91
      - 48
      - 109
- Print: " "
- Print: o
- Print: n
- Print: " "
- CsiDispatch:
    params:
      - - 1
      - - 35
    intermediates: []
    ignore: false
    c: m
    raw_bytes:
      - 27
      - 91
      - 49
      - 59
      - 51
      - 53
      - 109
- Print: ÓÇ†
- Print: " "
- CsiDispatch:
    params:
      - - 0
    intermediates: []
    ignore: false
    c: m
    raw_bytes:
      - 27
      - 91
      - 48
      - 109
- CsiDispatch:
    params:
      - - 1
      - - 35
    intermediates: []
    ignore: false
    c: m
    raw_bytes:
      - 27
      - 91
      - 49
      - 59
      - 51
      - 53
      - 109
- Print: m
- Print: a
- Print: s
- Print: t
- Print: e
- Print: r
- CsiDispatch:
    params:
      - - 0
    intermediates: []
    ignore: false
    c: m
    raw_bytes:
      - 27
      - 91
      - 48
      - 109
- Print: " "
- CsiDispatch:
    params:
      - - 1
      - - 31
    intermediates: []
    ignore: false
    c: m
    raw_bytes:
      - 27
      - 91
      - 49
      - 59
      - 51
      - 49
      - 109
- Print: "["
- CsiDispatch:
    params:
      - - 0
    intermediates: []
    ignore: false
    c: m
    raw_bytes:
      - 27
      - 91
      - 48
      - 109
- CsiDispatch:
    params:
      - - 1
      - - 31
    intermediates: []
    ignore: false
    c: m
    raw_bytes:
      - 27
      - 91
      - 49
      - 59
      - 51
      - 49
      - 109
- Print: "?"
- CsiDispatch:
    params:
      - - 0
    intermediates: []
    ignore: false
    c: m
    raw_bytes:
      - 27
      - 91
      - 48
      - 109
- CsiDispatch:
    params:
      - - 1
      - - 31
    intermediates: []
    ignore: false
    c: m
    raw_bytes:
      - 27
      - 91
      - 49
      - 59
      - 51
      - 49
      - 109
- Print: "]"
- CsiDispatch:
    params:
      - - 0
    intermediates: []
    ignore: false
    c: m
    raw_bytes:
      - 27
      - 91
      - 48
      - 109
- Print: " "
- Print: i
- Print: s
- Print: " "
- CsiDispatch:
    params:
      - - 1
      - - 38
      - - 5
      - - 208
    intermediates: []
    ignore: false
    c: m
    raw_bytes:
      - 27
      - 91
      - 49
      - 59
      - 51
      - 56
      - 59
      - 53
      - 59
      - 50
      - 48
      - 56
      - 109
- Print: üì¶
- Print: " "
- CsiDispatch:
    params:
      - - 0
    intermediates: []
    ignore: false
    c: m
    raw_bytes:
      - 27
      - 91
      - 48
      - 109
- CsiDispatch:
    params:
      - - 1
      - - 38
      - - 5
      - - 208
    intermediates: []
    ignore: false
    c: m
    raw_bytes:
      - 27
      - 91
      - 49
      - 59
      - 51
      - 56
      - 59
      - 53
      - 59
      - 50
      - 48
      - 56
      - 109
- Print: v
- Print: "0"
- Print: "."
- Print: "5"
- Print: "."
- Print: "1"
- CsiDispatch:
    params:
      - - 0
    intermediates: []
    ignore: false
    c: m
    raw_bytes:
      - 27
      - 91
      - 48
      - 109
- Print: " "
- Print: v
- Print: i
- Print: a
- Print: " "
- CsiDispatch:
    params:
      - - 1
      - - 31
    intermediates: []
    ignore: false
    c: m
    raw_bytes:
      - 27
      - 91
      - 49
      - 59
      - 51
      - 49
      - 109
- Print: ü¶Ä
- Print: " "
- CsiDispatch:
    params:
      - - 0
    intermediates: []
    ignore: false
    c: m
    raw_bytes:
      - 27
      - 91
      - 48
      - 109
- CsiDispatch:
    params:
      - - 1
      - - 31
    intermediates: []
    ignore: false
    c: m
    raw_bytes:
      - 27
      - 91
      - 49
      - 59
      - 51
      - 49
      - 109
- Print: v
- Print: "1"
- Print: "."
- Print: "6"
- Print: "6"
- Print: "."
- Print: "1"
- CsiDispatch:
    params:
      - - 0
    intermediates: []
    ignore: false
    c: m
    raw_bytes:
      - 27
      - 91
      - 48
      - 109
- CsiDispatch:
    params:
      - - 1
      - - 31
    intermediates: []
    ignore: false
    c: m
    raw_bytes:
      - 27
      - 91
      - 49
      - 59
      - 51
      - 49
      - 109
- Print: " "
- CsiDispatch:
    params:
      - - 0
    intermediates: []
    ignore: false
    c: m
    raw_bytes:
      - 27
      - 91
      - 48
      - 109
- Execute:
    byte: 13
- Execute:
    byte: 10
- CsiDispatch:
    params:
      - - 1
      - - 32
    intermediates: []
    ignore: false
    c: m
    raw_bytes:
      - 27
      - 91
      - 49
      - 59
      - 51
      - 50
      - 109
- Print: ‚ùØ
- CsiDispatch:
    params:
      - - 0
    intermediates: []
    ignore: false
    c: m
    raw_bytes:
      - 27
      - 91
      - 48
      - 109
- Print: " "

